/home/ubuntu/faliure/.venv/lib/python3.10/site-packages/sapien/_vulkan_tricks.py:100: UserWarning: Failed to find glvnd ICD file. This is probably due to an incorrect or partial installation of the NVIDIA driver. SAPIEN will attempt to provide an ICD file anyway but it may not work.
  warn(
{"backend": "physx_cpu", "mass": [0.03999999910593033], "cap": 7.0, "clearance": [0.15158051252365112], "grasp": [true], "force": [[6.986375331878662, 6.973255634307861]]}
{"backend": "physx_cpu", "mass": [0.03999999910593033], "cap": 20.0, "clearance": [0.1515951156616211], "grasp": [true], "force": [[16.69463348388672, 16.145503997802734]]}
{"backend": "physx_cpu", "mass": [0.03999999910593033], "cap": 40.0, "clearance": [0.1515682488679886], "grasp": [true], "force": [[27.75264549255371, 27.750572204589844]]}
{"backend": "physx_cpu", "mass": [0.5], "cap": 7.0, "clearance": [-3.948807716369629e-07], "grasp": [false], "force": [[0.0, 0.0]]}
{"backend": "physx_cpu", "mass": [0.5], "cap": 20.0, "clearance": [-2.551823854446411e-07], "grasp": [false], "force": [[0.0, 0.0]]}
{"backend": "physx_cpu", "mass": [0.5], "cap": 40.0, "clearance": [0.14605271816253662], "grasp": [true], "force": [[27.899188995361328, 27.852853775024414]]}
Traceback (most recent call last):
  File "/tmp/probe_friction.py", line 22, in <module>
    env=Probe(num_envs=1 if backend=='physx_cpu' else 2,sim_backend=backend,masses_kg=[.04,.5])
  File "/home/ubuntu/faliure/learning-withoutCLI/hold_task.py", line 20, in __init__
    super().__init__(*args, **kwargs)
  File "/home/ubuntu/faliure/learning-withoutCLI/lift_task.py", line 69, in __init__
    super().__init__(*args, **kwargs)
  File "/home/ubuntu/faliure/.venv/lib/python3.10/site-packages/mani_skill/envs/tasks/tabletop/pick_cube.py", line 64, in __init__
    super().__init__(*args, robot_uids=robot_uids, **kwargs)
  File "/home/ubuntu/faliure/.venv/lib/python3.10/site-packages/mani_skill/envs/sapien_env.py", line 245, in __init__
    physx.enable_gpu()
  File "/home/ubuntu/faliure/.venv/lib/python3.10/site-packages/sapien/physx/__init__.py", line 67, in enable_gpu
    _enable_gpu()
RuntimeError: GPU PhysX can only be enabled once before any other code involving PhysX
