/home/ubuntu/faliure/.venv/lib/python3.10/site-packages/sapien/_vulkan_tricks.py:100: UserWarning: Failed to find glvnd ICD file. This is probably due to an incorrect or partial installation of the NVIDIA driver. SAPIEN will attempt to provide an ICD file anyway but it may not work.
  warn(
GPU friction preparations: 10
GPU friction preparations: 20
GPU friction preparations: 30
GPU friction preparations: 40
GPU friction preparations: 50
Grip-strength branch training (hold_strength): /home/ubuntu/faliure/run/diagnosis/mass-friction-20261008/ppo/20261008T232255-93db308e
Friction conditions: {'settings': {'friction_profile': 'mass_correlated_linear', 'friction_mass_range_kg': [0.04, 0.5], 'cube_friction_range': [1.0, 0.4], 'finger_friction_coefficient': 0.2}, 'hidden_from_policy': True, 'changes_with_actual_mass': True, 'coefficients_by_mass': [{'mass_kg': 0.04, 'cube_static_friction': 1.0, 'cube_dynamic_friction': 1.0, 'finger_static_friction': 0.2, 'finger_dynamic_friction': 0.2}, {'mass_kg': 0.064, 'cube_static_friction': 0.9686956521739131, 'cube_dynamic_friction': 0.9686956521739131, 'finger_static_friction': 0.2, 'finger_dynamic_friction': 0.2}, {'mass_kg': 0.1, 'cube_static_friction': 0.9217391304347826, 'cube_dynamic_friction': 0.9217391304347826, 'finger_static_friction': 0.2, 'finger_dynamic_friction': 0.2}, {'mass_kg': 0.25, 'cube_static_friction': 0.7260869565217392, 'cube_dynamic_friction': 0.7260869565217392, 'finger_static_friction': 0.2, 'finger_dynamic_friction': 0.2}, {'mass_kg': 0.5, 'cube_static_friction': 0.4, 'cube_dynamic_friction': 0.4, 'finger_static_friction': 0.2, 'finger_dynamic_friction': 0.2}], 'note': 'Mass and surface friction BOTH change: heavier cubes have lower cube friction. Finger friction is also reduced. This is a combined weight/friction stress test, not isolated proof of weight adaptation.'}
Running training
####
args.num_iterations=2 args.num_envs=60 args.num_eval_envs=10
args.minibatch_size=300 args.batch_size=3000 args.update_epochs=1
####
Epoch: 1, global_step=0
Evaluating
Evaluated 500 steps resulting in 10 episodes
eval_success_once_mean=1.0
eval_return_mean=40.58827209472656
eval_episode_len_mean=50.0
eval_reward_mean=0.8117654919624329
eval_success_at_end_mean=0.800000011920929
model saved to /home/ubuntu/faliure/run/diagnosis/mass-friction-20261008/ppo/20261008T232255-93db308e/ckpt_1.pt
SPS: 236
Epoch: 2, global_step=3000
SPS: 360
model saved to /home/ubuntu/faliure/run/diagnosis/mass-friction-20261008/ppo/20261008T232255-93db308e/final_ckpt.pt
{'mean_finger_force_n_while_lifted': 7.4927245092391965, 'mean_strength_limit_n_while_lifted': 7.489416198730469, 'lifted_contact_steps': 50, 'friction': {'profile': 'mass_correlated_linear', 'hidden_from_policy': True, 'cube_static_friction': 1.0, 'cube_dynamic_friction': 1.0, 'left_finger_static_friction': 0.20000000298023224, 'left_finger_dynamic_friction': 0.20000000298023224, 'right_finger_static_friction': 0.20000000298023224, 'right_finger_dynamic_friction': 0.20000000298023224}, 'grasp_loss_after_lift': False, 'mass_kg': 0.04, 'reported_mass_kg': 0.04, 'weight_input': 'true', 'seed': 1000, 'reset_hash': 'bbbce021fae62ac83c18280eade6fe79df4e1e3a9fcb1b0eee3b2c60b4f9b7e4', 'mass_seen_in_training': True, 'episode_return': 49.063409864902496, 'success_once': True, 'success_at_end': True, 'held_goal_once': True, 'held_goal_at_end': True, 'grasp_at_end': True, 'final_goal_distance_m': 0.00039184297202154994, 'final_clearance_m': 0.15157510340213776}
{'mean_finger_force_n_while_lifted': 7.485564842224121, 'mean_strength_limit_n_while_lifted': 7.4822838020324705, 'lifted_contact_steps': 50, 'friction': {'profile': 'mass_correlated_linear', 'hidden_from_policy': True, 'cube_static_friction': 1.0, 'cube_dynamic_friction': 1.0, 'left_finger_static_friction': 0.20000000298023224, 'left_finger_dynamic_friction': 0.20000000298023224, 'right_finger_static_friction': 0.20000000298023224, 'right_finger_dynamic_friction': 0.20000000298023224}, 'grasp_loss_after_lift': False, 'mass_kg': 0.04, 'reported_mass_kg': 0.04, 'weight_input': 'true', 'seed': 1001, 'reset_hash': 'c6f907e485aa218a0b99f434a46fa086f04ac03c62dd1a8f3dd6d57cc86b4f2b', 'mass_seen_in_training': True, 'episode_return': 49.06430512666702, 'success_once': True, 'success_at_end': True, 'held_goal_once': True, 'held_goal_at_end': True, 'grasp_at_end': True, 'final_goal_distance_m': 0.0003938971785828471, 'final_clearance_m': 0.14730751514434814}
{'mean_finger_force_n_while_lifted': 7.4927245092391965, 'mean_strength_limit_n_while_lifted': 7.489416198730469, 'lifted_contact_steps': 50, 'friction': {'profile': 'mass_correlated_linear', 'hidden_from_policy': True, 'cube_static_friction': 1.0, 'cube_dynamic_friction': 1.0, 'left_finger_static_friction': 0.20000000298023224, 'left_finger_dynamic_friction': 0.20000000298023224, 'right_finger_static_friction': 0.20000000298023224, 'right_finger_dynamic_friction': 0.20000000298023224}, 'grasp_loss_after_lift': False, 'mass_kg': 0.04, 'reported_mass_kg': 0.04, 'weight_input': 'nominal', 'seed': 1000, 'reset_hash': 'bbbce021fae62ac83c18280eade6fe79df4e1e3a9fcb1b0eee3b2c60b4f9b7e4', 'mass_seen_in_training': True, 'episode_return': 49.063409864902496, 'success_once': True, 'success_at_end': True, 'held_goal_once': True, 'held_goal_at_end': True, 'grasp_at_end': True, 'final_goal_distance_m': 0.00039184297202154994, 'final_clearance_m': 0.15157510340213776}
{'mean_finger_force_n_while_lifted': 7.485564842224121, 'mean_strength_limit_n_while_lifted': 7.4822838020324705, 'lifted_contact_steps': 50, 'friction': {'profile': 'mass_correlated_linear', 'hidden_from_policy': True, 'cube_static_friction': 1.0, 'cube_dynamic_friction': 1.0, 'left_finger_static_friction': 0.20000000298023224, 'left_finger_dynamic_friction': 0.20000000298023224, 'right_finger_static_friction': 0.20000000298023224, 'right_finger_dynamic_friction': 0.20000000298023224}, 'grasp_loss_after_lift': False, 'mass_kg': 0.04, 'reported_mass_kg': 0.04, 'weight_input': 'nominal', 'seed': 1001, 'reset_hash': 'c6f907e485aa218a0b99f434a46fa086f04ac03c62dd1a8f3dd6d57cc86b4f2b', 'mass_seen_in_training': True, 'episode_return': 49.06430512666702, 'success_once': True, 'success_at_end': True, 'held_goal_once': True, 'held_goal_at_end': True, 'grasp_at_end': True, 'final_goal_distance_m': 0.0003938971785828471, 'final_clearance_m': 0.14730751514434814}
{'mean_finger_force_n_while_lifted': 7.863237476348877, 'mean_strength_limit_n_while_lifted': 7.846653747558594, 'lifted_contact_steps': 5, 'friction': {'profile': 'mass_correlated_linear', 'hidden_from_policy': True, 'cube_static_friction': 0.4000000059604645, 'cube_dynamic_friction': 0.4000000059604645, 'left_finger_static_friction': 0.20000000298023224, 'left_finger_dynamic_friction': 0.20000000298023224, 'right_finger_static_friction': 0.20000000298023224, 'right_finger_dynamic_friction': 0.20000000298023224}, 'grasp_loss_after_lift': True, 'mass_kg': 0.5, 'reported_mass_kg': 0.5, 'weight_input': 'true', 'seed': 1000, 'reset_hash': 'a075ae4639c4966b6d05257a44e68e9cb7cf909f4a7c28f24affea0021d2c198', 'mass_seen_in_training': True, 'episode_return': 8.324740029871464, 'success_once': True, 'success_at_end': False, 'held_goal_once': True, 'held_goal_at_end': False, 'grasp_at_end': False, 'final_goal_distance_m': 0.14846216142177582, 'final_clearance_m': -4.861503839492798e-07}
{'mean_finger_force_n_while_lifted': 7.839467859268188, 'mean_strength_limit_n_while_lifted': 7.832707023620605, 'lifted_contact_steps': 5, 'friction': {'profile': 'mass_correlated_linear', 'hidden_from_policy': True, 'cube_static_friction': 0.4000000059604645, 'cube_dynamic_friction': 0.4000000059604645, 'left_finger_static_friction': 0.20000000298023224, 'left_finger_dynamic_friction': 0.20000000298023224, 'right_finger_static_friction': 0.20000000298023224, 'right_finger_dynamic_friction': 0.20000000298023224}, 'grasp_loss_after_lift': True, 'mass_kg': 0.5, 'reported_mass_kg': 0.5, 'weight_input': 'true', 'seed': 1001, 'reset_hash': '2928b3d332d030e6e55bb86df0c2ca7ad4ad9b9bd54298fadd9c21b4f6de4d75', 'mass_seen_in_training': True, 'episode_return': 8.26801397651434, 'success_once': True, 'success_at_end': False, 'held_goal_once': True, 'held_goal_at_end': False, 'grasp_at_end': False, 'final_goal_distance_m': 0.15093743801116943, 'final_clearance_m': -4.153698682785034e-07}
{'mean_finger_force_n_while_lifted': 7.675536870956421, 'mean_strength_limit_n_while_lifted': 7.648163080215454, 'lifted_contact_steps': 4, 'friction': {'profile': 'mass_correlated_linear', 'hidden_from_policy': True, 'cube_static_friction': 0.4000000059604645, 'cube_dynamic_friction': 0.4000000059604645, 'left_finger_static_friction': 0.20000000298023224, 'left_finger_dynamic_friction': 0.20000000298023224, 'right_finger_static_friction': 0.20000000298023224, 'right_finger_dynamic_friction': 0.20000000298023224}, 'grasp_loss_after_lift': True, 'mass_kg': 0.5, 'reported_mass_kg': 0.04, 'weight_input': 'nominal', 'seed': 1000, 'reset_hash': 'a075ae4639c4966b6d05257a44e68e9cb7cf909f4a7c28f24affea0021d2c198', 'mass_seen_in_training': True, 'episode_return': 7.255621410906315, 'success_once': True, 'success_at_end': False, 'held_goal_once': True, 'held_goal_at_end': False, 'grasp_at_end': False, 'final_goal_distance_m': 0.15542806684970856, 'final_clearance_m': -1.0058283805847168e-07}
{'mean_finger_force_n_while_lifted': 7.668431401252747, 'mean_strength_limit_n_while_lifted': 7.641659259796143, 'lifted_contact_steps': 4, 'friction': {'profile': 'mass_correlated_linear', 'hidden_from_policy': True, 'cube_static_friction': 0.4000000059604645, 'cube_dynamic_friction': 0.4000000059604645, 'left_finger_static_friction': 0.20000000298023224, 'left_finger_dynamic_friction': 0.20000000298023224, 'right_finger_static_friction': 0.20000000298023224, 'right_finger_dynamic_friction': 0.20000000298023224}, 'grasp_loss_after_lift': True, 'mass_kg': 0.5, 'reported_mass_kg': 0.04, 'weight_input': 'nominal', 'seed': 1001, 'reset_hash': '2928b3d332d030e6e55bb86df0c2ca7ad4ad9b9bd54298fadd9c21b4f6de4d75', 'mass_seen_in_training': True, 'episode_return': 7.4641255512833595, 'success_once': True, 'success_at_end': False, 'held_goal_once': True, 'held_goal_at_end': False, 'grasp_at_end': False, 'final_goal_distance_m': 0.14669707417488098, 'final_clearance_m': -4.2654573917388916e-07}
Weighted inspection and paired weight test: /home/ubuntu/faliure/run/diagnosis/mass-friction-20261008/baseline_inspection/20261008T232321-b0cd8e75
Mass/friction physics, PPO and labeled inspection passed: /home/ubuntu/faliure/run/diagnosis/mass-friction-20261008
