/home/ubuntu/faliure/.venv/lib/python3.10/site-packages/sapien/_vulkan_tricks.py:100: UserWarning: Failed to find glvnd ICD file. This is probably due to an incorrect or partial installation of the NVIDIA driver. SAPIEN will attempt to provide an ICD file anyway but it may not work.
  warn(
Physical recovery and bounded failure passed
[2026-10-08 14:52:15.722] [SAPIEN] [warning] A PhysX CPU system is being created while PhysX GPU is enabled. You can safely ignore this message if it is intended. To use GPU PhysX, create a sapien.physx.PhysxGpuSystem explicitly and pass it to sapien.Scene constructor.
physx_cpu validated resets: 25
physx_cuda validated resets: 25
physx_cuda validated resets: 50
physx_cuda validated resets: 75
physx_cuda validated resets: 100
physx_cuda validated resets: 125
physx_cuda validated resets: 150
physx_cuda validated resets: 175
physx_cuda validated resets: 200
physx_cuda validated resets: 225
physx_cuda validated resets: 250
physx_cuda validated resets: 275
physx_cuda validated resets: 300
physx_cuda validated resets: 325
physx_cuda validated resets: 350
physx_cuda validated resets: 375
physx_cuda validated resets: 400
Grip-strength branch training (hold_strength): /home/ubuntu/faliure/run/diagnosis/hold-reset-20261008/continuation/20261008T185950-71be3453
Running training
####
args.num_iterations=2 args.num_envs=60 args.num_eval_envs=10
args.minibatch_size=300 args.batch_size=3000 args.update_epochs=1
####
Epoch: 1, global_step=0
Evaluating
Evaluated 500 steps resulting in 10 episodes
eval_success_once_mean=1.0
eval_return_mean=49.18290710449219
eval_episode_len_mean=50.0
eval_reward_mean=0.9836581349372864
eval_success_at_end_mean=1.0
model saved to /home/ubuntu/faliure/run/diagnosis/hold-reset-20261008/continuation/20261008T185950-71be3453/ckpt_1.pt
SPS: 250
Epoch: 2, global_step=3000
SPS: 377
model saved to /home/ubuntu/faliure/run/diagnosis/hold-reset-20261008/continuation/20261008T185950-71be3453/final_ckpt.pt
Reset and checkpoint continuation checks passed: /home/ubuntu/faliure/run/diagnosis/hold-reset-20261008
