/home/ubuntu/faliure/.venv/lib/python3.10/site-packages/sapien/_vulkan_tricks.py:100: UserWarning: Failed to find glvnd ICD file. This is probably due to an incorrect or partial installation of the NVIDIA driver. SAPIEN will attempt to provide an ICD file anyway but it may not work.
  warn(
HELD GOAL AND PHYSICS PASSED
Grip-strength branch training (hold_strength): /home/ubuntu/faliure/run/diagnosis/branch-reset-20261008/physx_cuda/20261008T182546-b928653d
Running training
####
args.num_iterations=2 args.num_envs=60 args.num_eval_envs=10
args.minibatch_size=300 args.batch_size=3000 args.update_epochs=1
####
Epoch: 1, global_step=0
Evaluating
Evaluated 500 steps resulting in 10 episodes
eval_success_once_mean=1.0
eval_return_mean=48.80754470825195
eval_episode_len_mean=50.0
eval_reward_mean=0.9761509299278259
eval_success_at_end_mean=1.0
model saved to /home/ubuntu/faliure/run/diagnosis/branch-reset-20261008/physx_cuda/20261008T182546-b928653d/ckpt_1.pt
SPS: 259
Epoch: 2, global_step=3000
SPS: 387
model saved to /home/ubuntu/faliure/run/diagnosis/branch-reset-20261008/physx_cuda/20261008T182546-b928653d/final_ckpt.pt
GPU PPO PASSED {'output': '/home/ubuntu/faliure/run/diagnosis/branch-reset-20261008/physx_cuda/20261008T182546-b928653d', 'movement_weights_and_outputs_exact_after_learning': True, 'strength_parameter_change_squared': 0.0022215176723570096, 'checkpoint_reload_exact': True}
