/home/ubuntu/faliure/.venv/lib/python3.10/site-packages/sapien/_vulkan_tricks.py:100: UserWarning: Failed to find glvnd ICD file. This is probably due to an incorrect or partial installation of the NVIDIA driver. SAPIEN will attempt to provide an ICD file anyway but it may not work.
  warn(
GPU RESET PASSED {'full_reset_contacts_zero': True, 'partial_reset_contacts_zero': True, 'unaffected_contacts_and_caps_preserved': True, 'fresh_step_restores_measurements': True, 'nominal_float32_matches': True, 'unaffected_force_max_difference_n': 5.7220458984375e-06}
GPU HOLD PHYSICS PASSED
Grip-strength branch training (hold_strength): /home/ubuntu/faliure/run/diagnosis/branch-reset-20261008/physx_cuda/20261008T182406-98882c51
Running training
####
args.num_iterations=2 args.num_envs=60 args.num_eval_envs=10
args.minibatch_size=300 args.batch_size=3000 args.update_epochs=1
####
Epoch: 1, global_step=0
Evaluating
Evaluated 500 steps resulting in 10 episodes
eval_success_once_mean=0.0
eval_return_mean=24.289411544799805
eval_episode_len_mean=50.0
eval_reward_mean=0.4857882559299469
eval_success_at_end_mean=0.0
model saved to /home/ubuntu/faliure/run/diagnosis/branch-reset-20261008/physx_cuda/20261008T182406-98882c51/ckpt_1.pt
SPS: 259
Epoch: 2, global_step=3000
SPS: 409
model saved to /home/ubuntu/faliure/run/diagnosis/branch-reset-20261008/physx_cuda/20261008T182406-98882c51/final_ckpt.pt
GPU PPO PASSED {'output': '/home/ubuntu/faliure/run/diagnosis/branch-reset-20261008/physx_cuda/20261008T182406-98882c51', 'movement_weights_and_outputs_exact_after_learning': True, 'strength_parameter_change_squared': 0.0015797051725634503, 'checkpoint_reload_exact': True}
